CCTV1,http://[2409:8087:74f0:22::4]:6610/270000001128/9900000501/index.m3u8?channel-id=newtv&livemode=4&Contentid=9900000501
CCTV2,http://[2409:8087:74f0:22::4]:6410/270000001128/9900000502/index.m3u8?channel-id=newtv&livemode=4&Contentid=9900000502
CCTV3,http://[2409:8087:74f0:22::4]:6410/270000001111/1110000303/index.m3u8?channel-id=newtv&livemode=4&Contentid=1110000303
CCTV4,http://[2409:8087:74f0:22::4]:6410/270000001128/9900000503/index.m3u8?channel-id=newtv&livemode=4&Contentid=9900000503
CCTV5,http://[2409:8087:74f0:22::4]:6410/270000001111/1110000305/index.m3u8?channel-id=newtv&livemode=4&Contentid=1110000305
CCTV5+,http://[2409:8087:74f0:22::4]:6410/270000001111/1110000306/index.m3u8?channel-id=newtv&livemode=4&Contentid=1110000306
CCTV5+,http://[2409:8087:74f0:22::4]:6410/270000001128/9900000506/index.m3u8?channel-id=newtv&livemode=4&Contentid=9900000506
CCTV5+,http://[2409:8087:74f0:22::4]:6410/270000001128/9900000507/index.m3u8?channel-id=newtv&livemode=4&Contentid=9900000507
CCTV6,http://[2409:8087:74f0:22::4]:6410/270000001111/1110000307/index.m3u8?channel-id=newtv&livemode=4&Contentid=1110000307
CCTV7,http://[2409:8087:74f0:22::4]:6410/270000001128/9900000504/index.m3u8?channel-id=newtv&livemode=4&Contentid=9900000504
CCTV8,http://[2409:8087:74f0:22::9]:6410/270000001111/1110000309/index.m3u8?channel-id=newtv&livemode=4&Contentid=1110000309
CCTV9,http://[2409:8087:74f0:22::4]:6410/270000001128/9900000505/index.m3u8?channel-id=newtv&livemode=4&Contentid=9900000505
CCTV10,http://[2409:8087:74f0:22::4]:6410/270000001128/9900000506/index.m3u8?channel-id=newtv&livemode=4&Contentid=9900000506
CCTV11,http://[2409:8087:74f0:22::4]:6410/270000001128/9900000508/index.m3u8?channel-id=newtv&livemode=4&Contentid=9900000508
CCTV12,http://[2409:8087:74f0:22::4]:6410/270000001128/9900000509/index.m3u8?channel-id=newtv&livemode=4&Contentid=9900000509
CCTV13,http://[2409:8087:74f0:22::4]:6410/270000001128/9900000510/index.m3u8?channel-id=newtv&livemode=4&Contentid=9900000510
CCTV14,http://[2409:8087:74f0:22::4]:6410/270000001128/9900000511/index.m3u8?channel-id=newtv&livemode=4&Contentid=9900000511
CCTV15,http://[2409:8087:74f0:22::4]:6410/270000001128/9900000512/index.m3u8?channel-id=newtv&livemode=4&Contentid=9900000512
CCTV16,http://[2409:8087:74f0:22::4]:6410/270000001128/9900000016/index.m3u8?channel-id=newtv&livemode=4&Contentid=9900000016
CCTV17,http://[2409:8087:74f0:22::4]:6410/270000001128/9900000513/index.m3u8?channel-id=newtv&livemode=4&Contentid=9900000513
CCTV1,http://[2409:8087:1a01:df::4077]/ottrrs.hl.chinamobile.com/PLTV/88888888/8/3221226016/index.m3u8
CCTV2,http://[2409:8087:1a01:df::4077]/ottrrs.hl.chinamobile.com/PLTV/88888888/8/3221225588/index.m3u8
CCTV3,http://[2409:8087:1a01:df::4077]/ottrrs.hl.chinamobile.com/PLTV/88888888/8/3221226021/index.m3u8
CCTV4,http://[2409:8087:1a01:df::4077]/ottrrs.hl.chinamobile.com/PLTV/88888888/8/3221226007/index.m3u8
CCTV5,http://[2409:8087:1a01:df::4077]/ottrrs.hl.chinamobile.com/PLTV/88888888/8/3221226019/index.m3u8
CCTV6,http://[2409:8087:1a01:df::4077]/ottrrs.hl.chinamobile.com/PLTV/88888888/8/3221226010/index.m3u8
CCTV7,http://[2409:8087:1a01:df::4077]/ottrrs.hl.chinamobile.com/PLTV/88888888/8/3221225733/index.m3u8
CCTV8,http://[2409:8087:1a01:df::4077]/ottrrs.hl.chinamobile.com/PLTV/88888888/8/3221226008/index.m3u8
CCTV9,http://[2409:8087:1a01:df::4077]/ottrrs.hl.chinamobile.com/PLTV/88888888/8/3221225734/index.m3u8
CCTV10,http://[2409:8087:1a01:df::4077]/ottrrs.hl.chinamobile.com/PLTV/88888888/8/3221225730/index.m3u8
CCTV11,http://[2409:8087:1a01:df::4077]/ottrrs.hl.chinamobile.com/PLTV/88888888/8/3221225597/index.m3u8
CCTV12,http://[2409:8087:1a01:df::4077]/ottrrs.hl.chinamobile.com/PLTV/88888888/8/3221225731/index.m3u8
CCTV13,http://[2409:8087:1a01:df::4077]/ottrrs.hl.chinamobile.com/PLTV/88888888/8/3221226011/index.m3u8
CCTV14,http://[2409:8087:1a01:df::4077]/ottrrs.hl.chinamobile.com/PLTV/88888888/8/3221225732/index.m3u8
CCTV15,http://[2409:8087:1a01:df::4077]/ottrrs.hl.chinamobile.com/PLTV/88888888/8/3221225601/index.m3u8
CCTV16,http://[2409:8087:1a01:df::4077]/ottrrs.hl.chinamobile.com/PLTV/88888888/8/3221226100/index.m3u8
CCTV17,http://[2409:8087:1a01:df::4077]/ottrrs.hl.chinamobile.com/PLTV/88888888/8/3221225765/index.m3u8
CCTV5+,http://[2409:8087:1a01:df::4077]/ottrrs.hl.chinamobile.com/PLTV/88888888/8/3221225603/index.m3u8
CCTV1,http://[2409:8087:1a01:df::7005]/ottrrs.hl.chinamobile.com/PLTV/88888888/224/3221226559/index.m3u8
CCTV2,http://[2409:8087:1a01:df::7005]/ottrrs.hl.chinamobile.com/PLTV/88888888/224/3221226540/index.m3u8
CCTV3,http://[2409:8087:1a01:df::7005]/ottrrs.hl.chinamobile.com/PLTV/88888888/224/3221226021/index.m3u8
CCTV4,http://[2409:8087:1a01:df::7005]/ottrrs.hl.chinamobile.com/PLTV/88888888/224/3221226428/index.m3u8
CCTV5,http://[2409:8087:1a01:df::7005]/ottrrs.hl.chinamobile.com/PLTV/88888888/224/3221226019/index.m3u8
CCTV5+,http://[2409:8087:1a01:df::7005]/ottrrs.hl.chinamobile.com/PLTV/88888888/224/3221225603/index.m3u8
CCTV6,http://[2409:8087:1a01:df::7005]/ottrrs.hl.chinamobile.com/PLTV/88888888/224/3221226010/index.m3u8
CCTV7,http://[2409:8087:1a01:df::7005]/ottrrs.hl.chinamobile.com/PLTV/88888888/224/3221225733/index.m3u8
CCTV8,http://[2409:8087:1a01:df::7005]/ottrrs.hl.chinamobile.com/PLTV/88888888/224/3221226008/index.m3u8
CCTV9,http://[2409:8087:1a01:df::7005]/ottrrs.hl.chinamobile.com/PLTV/88888888/224/3221225734/index.m3u8
CCTV10,http://[2409:8087:1a01:df::7005]/ottrrs.hl.chinamobile.com/PLTV/88888888/224/3221226473/index.m3u8
CCTV11,http://[2409:8087:1a01:df::7005]/ottrrs.hl.chinamobile.com/PLTV/88888888/224/3221226565/index.m3u8
CCTV12,http://[2409:8087:1a01:df::7005]/ottrrs.hl.chinamobile.com/PLTV/88888888/224/3221226568/index.m3u8
CCTV13,http://[2409:8087:1a01:df::7005]/ottrrs.hl.chinamobile.com/PLTV/88888888/224/3221226537/index.m3u8
CCTV14,http://[2409:8087:1a01:df::7005]/ottrrs.hl.chinamobile.com/PLTV/88888888/224/3221226591/index.m3u8
CCTV15,http://[2409:8087:1a01:df::7005]/ottrrs.hl.chinamobile.com/PLTV/88888888/224/3221226476/index.m3u8
CCTV16,http://[2409:8087:1a01:df::7005]/ottrrs.hl.chinamobile.com/PLTV/88888888/224/3221226100/index.m3u8
CCTV17,http://[2409:8087:1a01:df::7005]/ottrrs.hl.chinamobile.com/PLTV/88888888/224/3221225765/index.m3u8
CCTV1,http://[2409:8087:1a01:df::7005]:80/ottrrs.hl.chinamobile.com/PLTV/88888888/224/3221226559/index.m3u8
CCTV2,http://[2409:8087:1a01:df::7005]:80/ottrrs.hl.chinamobile.com/PLTV/88888888/224/3221226540/index.m3u8
CCTV3,http://[2409:8087:1a01:df::7005]:80/ottrrs.hl.chinamobile.com/PLTV/88888888/224/3221226021/index.m3u8
CCTV4,http://[2409:8087:1a01:df::7005]:80/ottrrs.hl.chinamobile.com/PLTV/88888888/224/3221226428/index.m3u8
CCTV5,http://[2409:8087:1a01:df::7005]:80/ottrrs.hl.chinamobile.com/PLTV/88888888/224/3221226019/index.m3u8
CCTV5+,http://[2409:8087:1a01:df::7005]:80/ottrrs.hl.chinamobile.com/PLTV/88888888/224/3221225603/index.m3u8
CCTV6,http://[2409:8087:1a01:df::7005]:80/ottrrs.hl.chinamobile.com/PLTV/88888888/224/3221226010/index.m3u8
CCTV7,http://[2409:8087:1a01:df::7005]:80/ottrrs.hl.chinamobile.com/PLTV/88888888/224/3221225733/index.m3u8
CCTV8,http://[2409:8087:1a01:df::7005]:80/ottrrs.hl.chinamobile.com/PLTV/88888888/224/3221226008/index.m3u8
CCTV9,http://[2409:8087:1a01:df::7005]:80/ottrrs.hl.chinamobile.com/PLTV/88888888/224/3221225734/index.m3u8
CCTV10,http://[2409:8087:1a01:df::7005]:80/ottrrs.hl.chinamobile.com/PLTV/88888888/224/3221226473/index.m3u8
CCTV11,http://[2409:8087:1a01:df::7005]:80/ottrrs.hl.chinamobile.com/PLTV/88888888/224/3221226565/index.m3u8
CCTV12,http://[2409:8087:1a01:df::7005]:80/ottrrs.hl.chinamobile.com/PLTV/88888888/224/3221226568/index.m3u8
CCTV13,http://[2409:8087:1a01:df::7005]:80/ottrrs.hl.chinamobile.com/PLTV/88888888/224/3221226537/index.m3u8
CCTV14,http://[2409:8087:1a01:df::7005]:80/ottrrs.hl.chinamobile.com/PLTV/88888888/224/3221226591/index.m3u8
CCTV15,http://[2409:8087:1a01:df::7005]:80/ottrrs.hl.chinamobile.com/PLTV/88888888/224/3221226476/index.m3u8
CCTV16,http://[2409:8087:1a01:df::7005]:80/ottrrs.hl.chinamobile.com/PLTV/88888888/224/3221226100/index.m3u8
CCTV17,http://[2409:8087:1a01:df::7005]:80/ottrrs.hl.chinamobile.com/PLTV/88888888/224/3221225765/index.m3u8
安徽卫视,http://[2409:8087:74f0:22::7]:6410/270000001128/9900000514/index.m3u8?channel-id=newtv&livemode=4&Contentid=9900000514
北京卫视,http://[2409:8087:74f0:22::6]:6410/270000001128/9900000516/index.m3u8?channel-id=newtv&livemode=4&Contentid=9900000516
重庆卫视,http://[2409:8087:74f0:22::7]:6410/270000001128/9900000517/index.m3u8?channel-id=newtv&livemode=4&Contentid=9900000517
东方卫视,http://[2409:8087:74f0:22::5]:6410/270000001128/9900000518/index.m3u8?channel-id=newtv&livemode=4&Contentid=9900000518
天津卫视,http://[2409:8087:74f0:22::6]:6410/270000001128/9900000530/index.m3u8?channel-id=newtv&livemode=4&Contentid=9900000530
海峡卫视,http://hlsbkmgsplive.miguvideo.com/migu/kailu/haixiaws/57/20230724/01.m3u8?msisdn=&Channel_ID=&ContentId=&HlsSubType=&HlsProfileId=&encrypt=
东南卫视,http://[2409:8087:74f0:22::4]:6610/270000001128/9900000519/index.m3u8?channel-id=newtv&livemode=4&Contentid=9900000519
甘肃卫视,http://[2409:8087:74f0:22::5]:6410/270000001128/9900000023/index.m3u8?channel-id=newtv&livemode=4&Contentid=9900000023
甘肃卫视,http://[2409:8087:74f0:22::7]:6410/270000001111/1110000322/index.m3u8?channel-id=newtv&livemode=4&Contentid=1110000322
广东卫视,http://[2409:8087:74f0:22::6]:6410/270000001128/9900000520/index.m3u8?channel-id=newtv&livemode=4&Contentid=9900000520
广西卫视,http://[2409:8087:74f0:22::7]:6410/270000001128/9900000034/index.m3u8?channel-id=newtv&livemode=4&Contentid=9900000034
贵州卫视,http://[2409:8087:74f0:22::7]:6410/270000001128/9900000036/index.m3u8?channel-id=newtv&livemode=4&Contentid=9900000036
海南卫视,http://[2409:8087:74f0:22::7]:6410/270000001128/9900000037/index.m3u8?channel-id=newtv&livemode=4&Contentid=9900000037
河北卫视,http://[2409:8087:74f0:22::7]:6410/270000001128/9900000057/index.m3u8?channel-id=newtv&livemode=4&Contentid=9900000057
河南卫视,http://[2409:8087:74f0:22::7]:6410/270000001128/9900000027/index.m3u8?channel-id=newtv&livemode=4&Contentid=9900000027
黑龙江卫视,http://[2409:8087:4c0a:22:1::11]:6410/170000001115/UmaiCHAN181356BESTVSMGSMG/index.m3u8?m3u8_level=2
黑龙江卫视,http://[2409:8087:74f0:22::6]:6410/270000001128/9900000521/index.m3u8?channel-id=newtv&livemode=4&Contentid=9900000521
湖北卫视,http://[2409:8087:74f0:22::5]:6410/270000001128/9900000522/index.m3u8?channel-id=newtv&livemode=4&Contentid=9900000522
湖南卫视,http://[2409:8087:74f0:22::5]:6410/270000001128/9900000523/index.m3u8?channel-id=newtv&livemode=4&Contentid=9900000523
吉林卫视,http://[2409:8087:74f0:22::5]:6410/270000001128/9900000030/index.m3u8?channel-id=newtv&livemode=4&Contentid=9900000030
江苏卫视,http://[2409:8087:74f0:22::6]:6410/270000001128/9900000524/index.m3u8?channel-id=newtv&livemode=4&Contentid=9900000524
江西卫视,http://[2409:8087:74f0:22::4]:6610/270000001128/9900000525/index.m3u8?channel-id=newtv&livemode=4&Contentid=9900000525
辽宁卫视,http://[2409:8087:74f0:22::7]:6410/270000001128/9900000526/index.m3u8?channel-id=newtv&livemode=4&Contentid=9900000526
青海卫视,http://[2409:8087:74f0:22::5]:6410/270000001128/9900000042/index.m3u8?channel-id=newtv&livemode=4&Contentid=9900000042
山东卫视,http://[2409:8087:74f0:22::5]:6410/270000001128/9900000527/index.m3u8?channel-id=newtv&livemode=4&Contentid=9900000527
陕西卫视,http://hlsbkmgsplive.miguvideo.com/migu/kailu/shan3xiws/57/20220809/index.m3u8?msisdn=&mtv_session=&HlsSubType=1&HlsProfileId=1&nphaid=0&encrypt=
深圳卫视,http://[2409:8087:74f0:22::5]:6410/270000001128/9900000529/index.m3u8?channel-id=newtv&livemode=4&Contentid=9900000529
四川卫视,http://[2409:8087:74f0:22::6]:6410/270000001128/9900000025/index.m3u8?channel-id=newtv&livemode=4&Contentid=9900000025
云南卫视,http://[2409:8087:74f0:22::7]:6410/270000001128/9900000035/index.m3u8?channel-id=newtv&livemode=4&Contentid=9900000035
浙江卫视,http://[2409:8087:74f0:22::5]:6410/270000001128/9900000531/index.m3u8?channel-id=newtv&livemode=4&Contentid=9900000531
北京卫视,http://[2409:8087:1a01:df::4077]/ottrrs.hl.chinamobile.com/PLTV/88888888/224/3221226450/index.m3u8
东方卫视,http://[2409:8087:1a01:df::4077]/ottrrs.hl.chinamobile.com/PLTV/88888888/224/3221226345/index.m3u8
ABN China (720p),https://mediaserver.abnvideos.com/streams/abnchina.m3u8
江苏卫视,http://[2409:8087:1a01:df::4077]/ottrrs.hl.chinamobile.com/PLTV/88888888/224/3221226310/index.m3u8
Ando TV (1080p),http://play.kankanlive.com/live/1711956137852982.m3u8
深圳卫视,http://[2409:8087:1a01:df::4077]/ottrrs.hl.chinamobile.com/PLTV/88888888/224/3221226313/index.m3u8
Angel TV Chinese (720p),https://janya-digimix.akamaized.net/vglive-sk-999451/chinese/ngrp:angelchinese_all/playlist.m3u8
浙江卫视,http://[2409:8087:1a01:df::4077]/ottrrs.hl.chinamobile.com/PLTV/88888888/224/3221226339/index.m3u8
Anhui TV,https://restream.pdtvhd.com/memfs/c1cd2ed0-3b2b-4c25-af98-a7fb0b1eb130.m3u8
山东卫视,http://[2409:8087:1a01:df::4077]/ottrrs.hl.chinamobile.com/PLTV/88888888/224/3221226456/index.m3u8
Anshun Comprehensive News Channel,https://hplayer1.juyun.tv/camera/154379194.m3u8
天津卫视,http://[2409:8087:1a01:df::4077]/ottrrs.hl.chinamobile.com/PLTV/88888888/224/3221226459/index.m3u8
Baicheng TV [Geo-blocked],https://stream2.jlntv.cn/baicheng1/sd/live.m3u8
Beijing Satellite TV [Not 24/7],http://ivi.bupt.edu.cn/hls/btv1.m3u8
Beijing Satellite TV HD (1080p),http://go.bkpcp.top/mg/bjws
Bingtuan Satellite TV (540p) [Not 24/7],http://112.25.48.68/live/program/live/btws/1300000/mnf.m3u8
Bread TV (720p),https://video.bread-tv.com:8091/hls-live24/online/index.m3u8
BRTV Kaku Childrens Channel,http://223.111.191.105/downflv.brtvcloud.com/kkkkasd/winfr.m3u8
CCTV+ 1 (600p) [Not 24/7],https://cd-live-stream.news.cctvplus.com/live/smil:CHANNEL1.smil/playlist.m3u8
CCTV+ 2 (600p) [Not 24/7],https://cd-live-stream.news.cctvplus.com/live/smil:CHANNEL2.smil/playlist.m3u8
CCTV-1 (720p),http://74.91.26.218:82/live/cctv1hd.m3u8
CCTV-1 HD (1080p),http://69.30.245.50/live/cctv1.m3u8
CCTV-2 (720p),http://74.91.26.218:82/live/cctv2hd.m3u8
CCTV-3 (720p),http://74.91.26.218:82/live/cctv3hd.m3u8
CCTV-4K HD (1080p),http://198.204.240.250:82/live/cctv4k.m3u8
CCTV-5+,https://myip.pdtvhd.com/Sports/streams/CCTV5pul.m3u8
CCTV-6 [Geo-blocked],https://live.eac-news.com/CCTV/streams/cctv6.m3u8
CCTV-6 HD (1080p),http://69.30.245.50/live/cctv6.m3u8
CCTV-7 (720p),http://74.91.26.218:82/live/cctv7hd.m3u8
CCTV-8 (720p),http://74.91.26.218:82/live/cctv8hd.m3u8
CCTV-8K HD (1080p),http://192.151.150.154/live/cctv8k.m3u8
CCTV-9 (576i),https://xykt-fix.github.io/Y77.m3u8
CCTV-10 (720p),http://74.91.26.218:82/live/cctv10hd.m3u8
CCTV-11 (720p),http://74.91.26.218:82/live/cctv11hd.m3u8
CCTV-12 (720p),http://74.91.26.218:82/live/cctv12hd.m3u8
CCTV-13 (720p),http://74.91.26.218:82/live/cctv13hd.m3u8
CCTV-13 HD (1080p),http://go.bkpcp.top/mg/cctv13
CCTV-14 HD (1080p),http://74.91.26.218:82/live/cctv14hd.m3u8
CCTV-15 (1080p),https://xykt-fix.github.io/play/a02e/index.m3u8
CCTV-16 HD (1080p),http://74.91.26.218:82/live/cctv16hd.m3u8
CCTV-17 HD (1080p),http://74.91.26.218:82/live/cctv17hd.m3u8
CCTV-Billiards (1080p),http://38.75.136.137:98/gslb/dsdqpub/ystq.m3u8?auth=testpub
CCTV-Culture of Quality SD (1080p),http://38.75.136.137:98/gslb/dsdqpub/ysjp.m3u8?auth=testpub
CCTV-Golf & Tennis (1080p),http://38.75.136.137:98/gslb/dsdqpub/gefwq.m3u8?auth=testpub
CCTV-Health (1080p),http://38.75.136.137:98/gslb/dsdqpub/wsjk.m3u8?auth=testpub
CCTV-Nostalgia Theater (1080p),http://38.75.136.137:98/gslb/dsdqpub/hjjc.m3u8?auth=testpub
CCTV-Storm Football (1080p),http://38.75.136.137:98/gslb/dsdqpub/fyzq.m3u8?auth=testpub
CCTV-Storm Music (1080p),http://38.75.136.137:98/gslb/dsdqpub/fyyy.m3u8?auth=testpub
CCTV-Storm Theater (1080p),http://38.75.136.137:98/gslb/dsdqpub/fyjc.m3u8?auth=testpub
CCTV-The First Theater (1080p),http://38.75.136.137:98/gslb/dsdqpub/dyjc.m3u8?auth=testpub
CCTV-Weapon & Technology (1080p),http://38.75.136.137:98/gslb/dsdqpub/gfjs.m3u8?auth=testpub
CCTV-Women's Fashion SD (1080p),http://38.75.136.137:98/gslb/dsdqpub/nxss.m3u8?auth=testpub
CCTV-World Geography SD (1080p),http://38.75.136.137:98/gslb/dsdqpub/sjdl.m3u8?auth=testpub
CETV-1 (576p),http://117.161.133.51:81/gitv_live/G_CETV-1/G_CETV-1.m3u8?p=GITV
CETV-2 (576p),http://117.161.133.51:81/gitv_live/G_CETV-2/G_CETV-2.m3u8?p=GITV
Chaozhou Public Channel,http://113.64.146.48:1688/hls/4/index.m3u8
CHC Action (1080p),http://39.134.19.68/dbiptv.sn.chinamobile.com/PLTV/88888888/224/3221226465/index.m3u8
CHC Home Theater (1080p),http://39.134.19.153/dbiptv.sn.chinamobile.com/PLTV/88888888/224/3221226462/index.m3u8
Chifeng Comprehensive News Chanel,http://play1-qk.nmtv.cn/live/1735546697341033.m3u8
China Weather Channel (576p) [Not 24/7],http://hls.weathertv.cn/tslslive/qCFIfHB/hls/live_sd.m3u8
广东卫视,http://[2409:8087:1a01:df::4077]/ottrrs.hl.chinamobile.com/PLTV/88888888/224/3221226248/index.m3u8
Chuxiong News Channel [Not 24/7],http://hwapi.yntv.net/ew265l/848y54.m3u8
东南卫视,http://[2409:8087:1a01:df::4077]/ottrrs.hl.chinamobile.com/PLTV/88888888/224/3221226341/index.m3u8
Chuzhou News Channel (1080p),http://live.cztv.cc:85/live/xwpd.m3u8
贵州卫视,http://[2409:8087:1a01:df::4077]/ottrrs.hl.chinamobile.com/PLTV/88888888/224/3221226474/index.m3u8
Chuzhou Public Channel (400p),http://live.cztv.cc:85/live/ggpd.m3u8
河南卫视,http://[2409:8087:1a01:df::4077]/ottrrs.hl.chinamobile.com/PLTV/88888888/224/3221226480/index.m3u8
Chuzhou Science & Education Channel (400p),http://live.cztv.cc:85/live/sjpd.m3u8
江西卫视,http://[2409:8087:1a01:df::4077]/ottrrs.hl.chinamobile.com/PLTV/88888888/224/3221226344/index.m3u8
CND Film Discovery Channel (576p),http://125.210.152.18:9090/live/FXZL_750.m3u8
四川卫视,http://[2409:8087:1a01:df::4077]/ottrrs.hl.chinamobile.com/PLTV/88888888/224/3221226338/index.m3u8
CND Film Middle School Channel,http://live2.rxip.sc96655.com/live/zxs_4000.m3u8?A=&E=&K=&P=&S=&U=
重庆卫视,http://[2409:8087:1a01:df::4077]/ottrrs.hl.chinamobile.com/PLTV/88888888/224/3221226409/index.m3u8
安徽卫视,http://[2409:8087:1a01:df::4077]/ottrrs.hl.chinamobile.com/PLTV/88888888/224/3221226391/index.m3u8
天津卫视,http://[2409:8087:1a01:df::4077]/ottrrs.hl.chinamobile.com/PLTV/88888888/224/3221226459/index.m3u8
广西卫视,http://[2409:8087:1a01:df::7005]:80/ottrrs.hl.chinamobile.com/PLTV/88888888/224/3221226380/index.m3u8
江西卫视,http://[2409:8087:1a01:df::7005]:80/ottrrs.hl.chinamobile.com/PLTV/88888888/224/3221226344/index.m3u8
河北卫视,http://[2409:8087:1a01:df::7005]:80/ottrrs.hl.chinamobile.com/PLTV/88888888/224/3221226406/index.m3u8
河南卫视,http://[2409:8087:1a01:df::7005]:80/ottrrs.hl.chinamobile.com/PLTV/88888888/224/3221226480/index.m3u8
山西卫视,http://[2409:8087:1a01:df::7005]:80/ottrrs.hl.chinamobile.com/PLTV/88888888/224/3221225624/index.m3u8
东南卫视,http://[2409:8087:1a01:df::7005]:80/ottrrs.hl.chinamobile.com/PLTV/88888888/224/3221226341/index.m3u8
贵州卫视,http://[2409:8087:1a01:df::7005]:80/ottrrs.hl.chinamobile.com/PLTV/88888888/224/3221226474/index.m3u8
宁夏卫视,http://[2409:8087:1a01:df::7005]:80/ottrrs.hl.chinamobile.com/PLTV/88888888/224/3221225632/index.m3u8
陕西卫视,http://[2409:8087:1a01:df::7005]:80/ottrrs.hl.chinamobile.com/PLTV/88888888/224/3221225625/index.m3u8
甘肃卫视,http://[2409:8087:1a01:df::7005]:80/ottrrs.hl.chinamobile.com/PLTV/88888888/224/3221225633/index.m3u8
吉林卫视,http://[2409:8087:1a01:df::7005]:80/ottrrs.hl.chinamobile.com/PLTV/88888888/224/3221226397/index.m3u8
四川卫视,http://[2409:8087:1a01:df::7005]:80/ottrrs.hl.chinamobile.com/PLTV/88888888/224/3221226338/index.m3u8
云南卫视,http://[2409:8087:1a01:df::7005]:80/ottrrs.hl.chinamobile.com/PLTV/88888888/224/3221226444/index.m3u8
青海卫视,http://[2409:8087:1a01:df::7005]:80/ottrrs.hl.chinamobile.com/PLTV/88888888/224/3221225628/index.m3u8
新疆卫视,http://[2409:8087:1a01:df::7005]:80/ottrrs.hl.chinamobile.com/PLTV/88888888/224/3221225635/index.m3u8
海南卫视,http://[2409:8087:1a01:df::7005]:80/ottrrs.hl.chinamobile.com/PLTV/88888888/224/3221226465/index.m3u8
Documentary Humanities Channel (1080p),http://39.135.138.59:18890/PLTV/88888910/224/3221225655/index.m3u8
内蒙古卫视,http://[2409:8087:1a01:df::7005]:80/ottrrs.hl.chinamobile.com/PLTV/88888888/224/3221225634/index.m3u8
Dragon TV International,https://restream.pdtvhd.com/memfs/0b1b95c9-3543-4af9-9fdb-cf45f1602f17.m3u8
黑龙江卫视,http://[2409:8087:1a01:df::4077]/ottrrs.hl.chinamobile.com/PLTV/88888888/224/3221225799/index.m3u8
